ets Jul 29 2019 12:21:46

rst:0x1 (POWERON_RESET),boot:0x1f (SPI_FAST_FLASH_BOOT)
configsip: 0, SPIWP:0xee
clk_drv:0x00,q_drv:0x00,d_drv:0x00,cs0_drv:0x00,hd_drv:0x00,wp_drv:0x00
mode:DIO, clock div:1
load:0x3fff0030,len:6604
ho 0 tail 12 room 4
load:0x40078000,len:16764
load:0x40080400,len:4348
entry 0x40080664
I (29) boot: ESP-IDF v5.5.4-dirty 2nd stage bootloader
I (29) boot: compile time May 26 2026 20:28:32
I (29) boot: Multicore bootloader
I (31) boot: chip revision: v3.1
I (34) qio_mode: Enabling QIO for flash chip WinBond
I (39) boot.esp32: SPI Speed      : 80MHz
I (42) boot.esp32: SPI Mode       : QIO
I (46) boot.esp32: SPI Flash Size : 16MB
I (50) boot: Enabling RNG early entropy source...
I (54) boot: Partition Table:
I (57) boot: ## Label            Usage          Type ST Offset   Length
I (63) boot:  0 nvs              WiFi data        01 02 00009000 00004000
I (69) boot:  1 otadata          OTA data         01 00 0000d000 00002000
I (76) boot:  2 phy_init         RF data          01 01 0000f000 00001000
I (82) boot:  3 ota_0            OTA app          00 10 00010000 00300000
I (89) boot:  4 ota_1            OTA app          00 11 00310000 00300000
I (96) boot:  5 storage          Unknown data     01 82 00610000 00300000
I (102) boot: End of partition table
I (106) esp_image: segment 0: paddr=00010020 vaddr=3f400020 size=83d60h (540000) map
I (251) esp_image: segment 1: paddr=00093d88 vaddr=3ffb0000 size=05738h ( 22328) load
I (257) esp_image: segment 2: paddr=000994c8 vaddr=40080000 size=06b50h ( 27472) load
I (266) esp_image: segment 3: paddr=000a0020 vaddr=400d0020 size=21ac0ch (2206732) map
I (829) esp_image: segment 4: paddr=002bac34 vaddr=40086b50 size=14a40h ( 84544) load
I (855) esp_image: segment 5: paddr=002cf67c vaddr=50000800 size=00020h (    32) load
I (869) boot: Loaded app from partition at offset 0x10000
I (869) boot: Disabling RNG early entropy source...
I (879) quad_psram: This chip is ESP32-D0WD
I (879) esp_psram: Found 8MB PSRAM device
I (880) esp_psram: Speed: 80MHz
I (880) esp_psram: PSRAM initialized, cache is in low/high (2-core) mode.
W (887) esp_psram: Virtual address not enough for PSRAM, map as much as we can. 4MB is mapped
I (895) cpu_start: Multicore app
D (898) cpu_start: Pro cpu up
D (901) cpu_start: Starting app cpu, entry point is 0x4008161c
D (0) cpu_start: App cpu up
I (1373) esp_psram: SPI SRAM memory test OK
D (1380) clk: RTC_SLOW_CLK calibration value: 3212160
I (1385) cpu_start: GPIO 3 and 1 are used as console UART I/O pins
D (1386) cpu_start: calling init function: 0x400d3910 on core: 0
D (1388) cpu_start: calling init function: 0x400d3e00 on core: 0
I (1393) cpu_start: Pro cpu start user code
I (1397) cpu_start: cpu freq: 240000000 Hz
D (1401) cpu_start: calling init function: 0x400d384c on core: 0
I (1407) app_init: Application information:
I (1411) app_init: Project name:     ctag-tbd
I (1415) app_init: App version:      8a238ec
I (1419) app_init: Compile time:     May 28 2026 14:58:13
I (1424) app_init: ELF file SHA256:  7bfd4f800...
I (1428) app_init: ESP-IDF:          v5.5.4-dirty
D (1433) cpu_start: calling init function: 0x400d3920 on core: 0
I (1439) efuse_init: Min chip rev:     v0.0
I (1443) efuse_init: Max chip rev:     v3.99
I (1447) efuse_init: Chip rev:         v3.1
D (1450) cpu_start: calling init function: 0x400d5708 on core: 0
D (1456) memory_layout: Checking 10 reserved memory ranges:
D (1462) memory_layout: Reserved memory range 0x3f800000 - 0x3fc00000
D (1468) memory_layout: Reserved memory range 0x3ff82000 - 0x3ff82000
D (1474) memory_layout: Reserved memory range 0x3ffae000 - 0x3ffae6e0
D (1480) memory_layout: Reserved memory range 0x3ffb0000 - 0x3ffbc130
D (1486) memory_layout: Reserved memory range 0x3ffe0000 - 0x3ffe0440
D (1492) memory_layout: Reserved memory range 0x3ffe3f20 - 0x3ffe4350
D (1498) memory_layout: Reserved memory range 0x40070000 - 0x40078000
D (1505) memory_layout: Reserved memory range 0x40078000 - 0x40080000
D (1511) memory_layout: Reserved memory range 0x40080000 - 0x4009b590
D (1517) memory_layout: Reserved memory range 0x50001fe8 - 0x50002000
D (1523) memory_layout: Building list of available memory regions:
D (1529) memory_layout: Available memory region 0x3ffae6e0 - 0x3ffb0000
D (1535) memory_layout: Available memory region 0x3ffbc130 - 0x3ffc0000
D (1542) memory_layout: Available memory region 0x3ffc0000 - 0x3ffc2000
D (1548) memory_layout: Available memory region 0x3ffc2000 - 0x3ffc4000
D (1554) memory_layout: Available memory region 0x3ffc4000 - 0x3ffc6000
D (1561) memory_layout: Available memory region 0x3ffc6000 - 0x3ffc8000
D (1567) memory_layout: Available memory region 0x3ffc8000 - 0x3ffca000
D (1573) memory_layout: Available memory region 0x3ffca000 - 0x3ffcc000
D (1580) memory_layout: Available memory region 0x3ffcc000 - 0x3ffce000
D (1586) memory_layout: Available memory region 0x3ffce000 - 0x3ffd0000
D (1592) memory_layout: Available memory region 0x3ffd0000 - 0x3ffd2000
D (1599) memory_layout: Available memory region 0x3ffd2000 - 0x3ffd4000
D (1605) memory_layout: Available memory region 0x3ffd4000 - 0x3ffd6000
D (1611) memory_layout: Available memory region 0x3ffd6000 - 0x3ffd8000
D (1618) memory_layout: Available memory region 0x3ffd8000 - 0x3ffda000
D (1624) memory_layout: Available memory region 0x3ffda000 - 0x3ffdc000
D (1630) memory_layout: Available memory region 0x3ffdc000 - 0x3ffde000
D (1637) memory_layout: Available memory region 0x3ffde000 - 0x3ffe0000
D (1643) memory_layout: Available memory region 0x3ffe0440 - 0x3ffe3f20
D (1649) memory_layout: Available memory region 0x3ffe4350 - 0x3ffe8000
D (1656) memory_layout: Available memory region 0x3ffe8000 - 0x3fff0000
D (1662) memory_layout: Available memory region 0x3fff0000 - 0x3fff8000
D (1668) memory_layout: Available memory region 0x3fff8000 - 0x3fffc000
D (1675) memory_layout: Available memory region 0x3fffc000 - 0x40000000
D (1681) memory_layout: Available memory region 0x4009b590 - 0x4009c000
D (1687) memory_layout: Available memory region 0x4009c000 - 0x4009e000
D (1694) memory_layout: Available memory region 0x4009e000 - 0x400a0000
I (1700) heap_init: Initializing. RAM available for dynamic allocation:
D (1707) heap_init: New heap initialised at 0x3ffae6e0
I (1711) heap_init: At 3FFAE6E0 len 00001920 (6 KiB): DRAM
D (1717) heap_init: New heap initialised at 0x3ffbc130
I (1721) heap_init: At 3FFBC130 len 00023ED0 (143 KiB): DRAM
I (1727) heap_init: At 3FFE0440 len 00003AE0 (14 KiB): D/IRAM
I (1732) heap_init: At 3FFE4350 len 0001BCB0 (111 KiB): D/IRAM
D (1738) heap_init: New heap initialised at 0x4009b590
I (1743) heap_init: At 4009B590 len 00004A70 (18 KiB): IRAM
D (1748) cpu_start: calling init function: 0x400d78c4 on core: 0
D (1754) cpu_start: calling init function: 0x400d6ce8 on core: 0
D (1759) cpu_start: calling init function: 0x400d7e1c on core: 0
I (1765) esp_psram: Adding pool of 4096K of PSRAM memory to heap allocator
D (1772) cpu_start: calling init function: 0x400d3e40 on core: 0
D (1778) intr_alloc: Connected src 46 to int 1 (cpu 0)
D (1782) cpu_start: calling init function: 0x400d3e50 on core: 0
D (1788) cpu_start: calling init function: 0x400d8fd8 on core: 0
D (1794) cpu_start: calling init function: 0x400dcfe4 on core: 0
D (1800) cpu_start: calling init function: 0x400db700 on core: 0
D (1805) cpu_start: calling init function: 0x400d6cf4 on core: 0
D (1811) cpu_start: calling init function: 0x400d3e7c on core: 0
D (1817) spi_flash: trying chip: winbond
I (1820) spi_flash: detected chip: winbond
I (1824) spi_flash: flash io: qio
D (1827) chip_generic: set_io_mode: status before 0x200
D (1832) cpu_start: calling init function: 0x402b5300 on core: 0
D (1838) cpu_start: calling init function: 0x40292174
D (1843) cpu_start: calling init function: 0x40291f00
D (1848) C++ init: Setting C++ exception emergency pool to 0.
D (1853) cpu_start: calling init function: 0x4029168c
D (1858) cpu_start: calling init function: 0x4028988c
D (1863) cpu_start: calling init function: 0x40282a40
D (1867) cpu_start: calling init function: 0x4027dd88
D (1872) cpu_start: calling init function: 0x402e8174
D (1877) cpu_start: calling init function: 0x4026b324
D (1882) cpu_start: calling init function: 0x4023058c
W (1886) pcnt(legacy): legacy driver is deprecated, please migrate to `driver/pulse_cnt.h`
D (1894) cpu_start: calling init function: 0x40226a34
D (1899) cpu_start: calling init function: 0x4020b088
D (1904) cpu_start: calling init function: 0x401df588
D (1909) cpu_start: calling init function: 0x401ddf40
D (1914) cpu_start: calling init function: 0x400f827c
D (1918) cpu_start: calling init function: 0x400f5284
D (1923) intr_alloc: Connected src 35 to int 2 (cpu 0)
D (1928) cpu_start: calling init function: 0x400f3cd0
D (1933) cpu_start: calling init function: 0x400e7afc
D (1937) cpu_start: calling init function: 0x400dd7a8
D (1942) cpu_start: calling init function: 0x4008b4f4
D (1947) cpu_start: calling init function: 0x400d4ca0
D (1952) cpu_start: calling init function: 0x4020b07c on core: 0
D (1958) intr_alloc: Connected src 17 to int 3 (cpu 0)
D (1962) cpu_start: calling init function: 0x402b53b8 on core: 0
D (1968) cpu_start: calling init function: 0x400d3e5c on core: 0
D (1974) intr_alloc: Connected src 24 to int 5 (cpu 0)
D (1979) app_start: Starting scheduler on CPU0
ID (1983) intr_alloc: Connected src 25 to int 1 (cpu 1)
D (1983) app_start: Starting scheduler on CPU1
 (1983) main_task: Started on CPU0
D (1993) heap_init: New heap initialised at 0x3ffe0440
D (1993) heap_init: New heap initialised at 0x3ffe4350
D (2003) intr_alloc: Connected src 16 to int 8 (cpu 0)
I (2003) main_task: Calling app_main()
I (2013) ctagSPAllocator: AllocateInternalBuffer: allocating 114688 bytes
I (4013) fs: Initializing LITTLEFS
I (4483) fs: Partition size: total: 3145728, used: 1572864
D (4493) i2c.common: new bus(0) at 0x3f8022e0
D (4493) i2c.common: bus clock source frequency: 80000000hz
D (4493) intr_alloc: Connected src 49 to int 2 (cpu 0)
I (4493) SSD1306: OLED configured successfully
I (6543) fs: Initializing SD card via SDMMC
D (6543) sdmmc_periph: peripheral version 5342270a, hardware config 03c44c83
D (6543) intr_alloc: Connected src 37 to int 9 (cpu 0)
D (6543) gpio: GPIO[13]| InputEn: 0| OutputEn: 1| OpenDrain: 0| Pullup: 0| Pulldown: 0| Intr:0
D (6553) sdmmc_periph: Slot 1 is not initialized yet, skipping sdmmc_host_change_to_slot
D (6563) sdmmc_periph: clk_src_freq_hz: 160000000 hz
D (6563) sdmmc_periph: slot=1 clk_src=6 host_div=10 card_div=20 freq=400kHz (max 400kHz)
D (6573) sdmmc_periph: Slot 1 is not initialized yet, skipping sdmmc_host_change_to_slot
D (6583) sdmmc_periph: Slot 1 is not initialized yet, skipping sdmmc_host_change_to_slot
D (6583) sdmmc_periph: slot=1 width=1
D (6593) sdmmc_req: process_command_response: error 0x107  (status=00000100)
D (6613) sdmmc_req: process_command_response: error 0x107  (status=00000100)
D (6613) sdmmc_sd: CMD8 timeout; not an SD v2.00 card
D (6613) sdmmc_req: process_command_response: error 0x107  (status=00000100)
D (6613) sdmmc_io: sdmmc_init_io: io_send_op_cond (1) returned 0x107; not IO card
D (6623) sdmmc_req: process_command_response: error 0x107  (status=00000100)
D (6633) sdmmc_req: process_command_response: error 0x107  (status=00000100)
D (6643) sdmmc_req: process_command_response: error 0x107  (status=00000100)
D (6643) sdmmc_cmd: sdmmc_send_cmd_send_op_cond: sdmmc_send_app_cmd err=0x107
D (6653) sdmmc_common: send_op_cond timeout, trying MMC
D (6653) sdmmc_req: process_command_response: error 0x107  (status=00000100)
D (6663) sdmmc_req: process_command_response: error 0x107  (status=00000100)
D (6673) sdmmc_req: process_command_response: error 0x107  (status=00000100)
D (6673) sdmmc_cmd: sdmmc_send_cmd_send_op_cond: sdmmc_send_app_cmd err=0x107
E (6683) sdmmc_common: sdmmc_init_ocr: send_op_cond (1) returned 0x107
D (6693) sdmmc_init: sdmmc_card_init: sdmmc_init_ocr returned 0x107
E (6693) vfs_fat_sdmmc: sdmmc_card_init failed (0x107).
D (6703) sdmmc_periph: SDMMC host deinitialized
E (6703) fs: SD card mount failed: ESP_ERR_TIMEOUT
I (6713) SPModel: Trying to read config file
D (6713) JSON: read buffer
I (7393) Control: Initializing control!
I (7393) MOD: ModEngine initialized, slots 80-89
I (7413) SDA: SDAudio: 256 KB ring, 32768 frames
I (7413) BBA Codec: Starting i2s setup...
D (7413) efuse: BLK0 REG2 [8-15], len=8 bits
D (7413) efuse: BLK0 REG2 [0-7], len=8 bits
D (7413) efuse: BLK0 REG1 [24-31], len=8 bits
D (7423) efuse: BLK0 REG1 [16-23], len=8 bits
D (7423) efuse: BLK0 REG1 [8-15], len=8 bits
D (7433) efuse: BLK0 REG1 [0-7], len=8 bits
D (7433) efuse: BLK0 REG2 [16-23], len=8 bits
D (7433) i2s_common: tx channel is registered on I2S0 successfully
D (7443) i2s_common: rx channel is registered on I2S0 successfully
D (7453) i2s_common: DMA malloc info: dma_desc_num = 4, dma_desc_buf_size = dma_frame_num * slot_num * data_bit_width = 128
D (7463) i2s_std: Clock division info: [sclk] 160000000 Hz [mdiv] 9 13/29 [mclk] 16934306 Hz [bdiv] 12 [bclk] 1411200 Hz
D (7473) i2s_common: MCLK is pinned to GPIO0 on I2S0
D (7473) intr_alloc: Connected src 32 to int 2 (cpu 0)
D (7483) i2s_std: The tx channel on I2S0 has been initialized to STD mode successfully
D (7483) i2s_common: DMA malloc info: dma_desc_num = 4, dma_desc_buf_size = dma_frame_num * slot_num * data_bit_width = 128
D (7503) i2s_std: Clock division info: [sclk] 160000000 Hz [mdiv] 9 13/29 [mclk] 16934306 Hz [bdiv] 12 [bclk] 1411200 Hz
D (7513) i2s_common: MCLK is pinned to GPIO0 on I2S0
D (7513) intr_alloc: Connected src 32 to int 2 (cpu 0)
D (7523) i2s_std: The rx channel on I2S0 has been initialized to STD mode successfully
D (7523) i2s_common: i2s tx channel enabled
D (7533) i2s_common: i2s rx channel enabled
D (7533) i2c.common: new bus(1) at 0x3f803838
D (7533) i2c.common: bus clock source frequency: 80000000hz
D (7543) intr_alloc: Connected src 50 to int 2 (cpu 0)
I (7553) BBA Codec: Found codec...
I (7553) Network: Starting with ssid ctag-tbd, pwd , mdns ctag-tbd, ip 192.178.3.1, is ap
D (7573) esp_netif_lwip: LwIP stack has been initialized
D (7573) esp_netif_lwip: esp-netif has been successfully initialized
D (7573) event: running task for loop 0x3ffde948
D (7583) event: created task for loop 0x3ffde948
D (7583) event: created event loop 0x3ffde948
D (7593) esp_netif_lwip: check: remote, if=0x3ffbf454 fn=0x40223ca4
D (7593) esp_netif_lwip: call api in lwip: ret=0x0, give sem
D (7603) esp_netif_lwip: check: remote, if=0x3ffbf454 fn=0x40223ca4
D (7603) esp_netif_lwip: call api in lwip: ret=0x0, give sem
D (7613) esp_netif_lwip: esp_netif_get_ip_info esp_netif:0x0
D (7613) esp_netif_lwip: check: remote, if=0x3ffbf454 fn=0x40223ca4
D (7623) esp_netif_lwip: call api in lwip: ret=0x0, give sem
D (7623) esp_netif_lwip: check: remote, if=0x3ffbf454 fn=0x40223ca4
D (7633) esp_netif_lwip: call api in lwip: ret=0x0, give sem
D (7643) esp_netif_lwip: esp_netif_get_ip_info esp_netif:0x0
D (7643) esp_netif_lwip: esp_netif_get_ip_info esp_netif:0x0
D (7653) esp_netif_lwip: check: remote, if=0x3ffbf374 fn=0x40224144
D (7653) esp_netif_objects: esp_netif_add_to_list_unsafe netif added successfully (total netifs: 1)
D (7663) esp_netif_lwip: call api in lwip: ret=0x0, give sem
D (7673) nvs: nvs_open_from_partition misc 1
I (7683) wifi:wifi driver task: 3ffe2e7c, prio:23, stack:3584, core=0
D (7683) efuse: BLK0 REG2 [8-15], len=8 bits
D (7683) efuse: BLK0 REG2 [0-7], len=8 bits
D (7683) efuse: BLK0 REG1 [24-31], len=8 bits
D (7693) efuse: BLK0 REG1 [16-23], len=8 bits
D (7693) efuse: BLK0 REG1 [8-15], len=8 bits
D (7703) efuse: BLK0 REG1 [0-7], len=8 bits
D (7703) efuse: BLK0 REG2 [16-23], len=8 bits
D (7713) nvs: nvs_open_from_partition nvs.net80211 1
D (7713) nvs: nvs_get opmode 1
D (7713) nvs: nvs_get_str_or_blob sta.ssid
D (7723) nvs: nvs_get sta.authmode 1
D (7723) nvs: nvs_get_str_or_blob sta.pswd
D (7723) nvs: nvs_get_str_or_blob sta.pmk
D (7733) nvs: nvs_get sta.chan 1
D (7733) nvs: nvs_get auto.conn 1
D (7733) nvs: nvs_get bssid.set 1
D (7743) nvs: nvs_get_str_or_blob sta.bssid
D (7743) nvs: nvs_get sta.lis_intval 2
D (7743) nvs: nvs_get sta.phym 1
D (7753) nvs: nvs_get sta.phybw 1
D (7753) nvs: nvs_get_str_or_blob sta.apsw
D (7753) nvs: nvs_get_str_or_blob sta.apinfo
D (7763) nvs: nvs_get sta.scan_method 1
D (7763) nvs: nvs_get sta.sort_method 1
D (7763) nvs: nvs_get sta.minrssi 1
D (7773) nvs: nvs_get sta.minauth 1
D (7773) nvs: nvs_get sta.pmf_e 1
D (7773) nvs: nvs_get sta.pmf_r 1
D (7783) nvs: nvs_get sta.btm_e 1
D (7783) nvs: nvs_get sta.rrm_e 1
D (7783) nvs: nvs_get sta.mbo_e 1
D (7793) nvs: nvs_get_str_or_blob ap.ssid
D (7793) nvs: nvs_get_str_or_blob ap.passwd
D (7793) nvs: nvs_get_str_or_blob ap.pmk
D (7803) nvs: nvs_get ap.chan 1
D (7803) nvs: nvs_get ap.authmode 1
D (7803) nvs: nvs_get ap.hidden 1
D (7813) nvs: nvs_get ap.max.conn 1
D (7813) nvs: nvs_get bcn.interval 2
D (7813) nvs: nvs_get ap.phym 1
D (7823) nvs: nvs_get ap.phybw 1
D (7823) nvs: nvs_get ap.sndchan 1
D (7823) nvs: nvs_get ap.pmf_e 1
D (7833) nvs: nvs_get ap.pmf_r 1
D (7833) nvs: nvs_get ap.p_cipher 1
D (7833) nvs: nvs_get lorate 1
D (7833) nvs: nvs_get_str_or_blob country
D (7843) nvs: nvs_get ap.ftm_r 1
D (7843) nvs: nvs_get sta.ft 1
D (7843) nvs: nvs_get sta.owe 1
D (7853) nvs: nvs_get sta.trans_d 1
D (7853) nvs: nvs_get sta.sae_h2e 1
D (7853) nvs: nvs_get sta.sae_pk_mode 1
D (7863) nvs: nvs_get sta.bss_retry 1
D (7863) nvs: nvs_get_str_or_blob sta.owe_data
D (7863) nvs: nvs_get sta.he_dcm 1
D (7873) nvs: nvs_get sta.he_dcm_c_tx 1
D (7873) nvs: nvs_get sta.he_dcm_c_rx 1
D (7873) nvs: nvs_get sta.he_mcs9_d 1
D (7883) nvs: nvs_get sta.he_su_b_d 1
D (7883) nvs: nvs_get sta.he_su_b_f_d 1
D (7883) nvs: nvs_get sta.he_mu_b_f_d 1
D (7893) nvs: nvs_get sta.he_cqi_f_d 1
D (7893) nvs: nvs_get_str_or_blob sta.sae_h2e_id
D (7903) nvs: nvs_get ap.sae_h2e 1
D (7903) nvs: nvs_get_str_or_blob ap.pmk_info
D (7903) nvs: nvs_get nan.phym 1
D (7913) nvs: nvs_get sta.pwr_reset 1
D (7913) nvs: nvs_get band_mode 1
D (7913) nvs: nvs_get sta.phym5g 1
D (7923) nvs: nvs_get ap.phym5g 1
D (7923) nvs: nvs_get sta.phybw5g 1
D (7923) nvs: nvs_get ap.phybw5g 1
D (7923) nvs: nvs_get ap.sndchan5g 1
D (7933) nvs: nvs_get ap.chan5g 1
D (7933) nvs: nvs_get ap.chanisset 1
D (7933) nvs: nvs_get ap.chan5gisset 1
D (7943) nvs: nvs_get sta.lowrate 1
D (7943) nvs: nvs_get ap.lowrate 1
D (7943) nvs: nvs_get sta.rssi_5g_adj 1
D (7953) nvs: nvs_get ap.csa_count 1
D (7953) nvs: nvs_get ap.dtim_period 1
D (7953) nvs: nvs_get ap.trans_d 1
D (7963) nvs: nvs_get ap.sae_ext 1
D (7963) nvs: nvs_get ap.bssmaxidle 2
D (7963) nvs: nvs_get ap.pro_keep_a 1
D (7973) nvs: nvs_get ap.gtk_rekey 2
D (7973) nvs: nvs_get sta.vht_su_b_d 1
D (7973) nvs: nvs_get sta.vht_mu_b_d 1
D (7983) nvs: nvs_get sta.vht_mcs8_e 1
D (7983) nvs: nvs_get sta.ina_time 2
D (7983) nvs: nvs_get ap.ina_time 2
D (7993) nvs: nvs_set ap.sndchan 1 1
I (7993) wifi:wifi firmware version: 0947e8b
I (8003) wifi:wifi certification version: v7.0
I (8003) wifi:config NVS flash: enabled
I (8003) wifi:config nano formatting: disabled
I (8013) wifi:Init data frame dynamic rx buffer num: 32
I (8013) wifi:Init static rx mgmt buffer num: 5
I (8023) wifi:Init management short buffer num: 32
I (8023) wifi:Init static tx buffer num: 16
I (8033) wifi:Init tx cache buffer num: 32
I (8033) wifi:Init static rx buffer size: 1600
I (8033) wifi:Init static rx buffer num: 10
I (8043) wifi:Init dynamic rx buffer num: 32
D (8043) wifi:Reset scan defaults in ms : min,max,passive,chan_dwell :(0,120,360,30)
I (8053) wifi_init: accept mbox: 6
I (8053) wifi_init: tcpip mbox: 32
I (8053) wifi_init: udp mbox: 6
I (8063) wifi_init: tcp mbox: 6
I (8063) wifi_init: tcp tx win: 5744
I (8063) wifi_init: tcp rx win: 5744
I (8073) wifi_init: tcp mss: 1440
I (8073) wifi_init: WiFi/LWIP prefer SPIRAM
I (8073) wifi_init: WiFi IRAM OP enabled
I (8083) wifi_init: WiFi RX IRAM OP enabled
I (8083) wifi:Set ps type: 0, coexist: 0

D (8093) nvs: nvs_get opmode 1
D (8093) nvs: nvs_set ap.authmode 1 0
D (8093) nvs: nvs_set ap.sae_h2e 1 4
D (8093) nvs: nvs_set ap.chanisset 1 0
D (8103) nvs: nvs_set ap.chan 1 1
D (8103) nvs: nvs_set ap.sndchan 1 1
D (8103) nvs: nvs_set_blob ap.ssid 36
D (8113) nvs: nvs_set_blob ap.passwd 65
D (8113) nvs: nvs_set ap.hidden 1 0
D (8113) nvs: nvs_set ap.max.conn 1 5
D (8123) nvs: nvs_set bcn.interval 2 100
D (8123) nvs: nvs_set ap.sae_ext 1 0
D (8123) nvs: nvs_set ap.gtk_rekey 2 0
D (8133) nvs: nvs_set ap.p_cipher 1 0
D (8133) nvs: nvs_set ap.trans_d 1 0
D (8143) nvs: nvs_set ap.ftm_r 1 0
D (8143) nvs: nvs_set ap.pmf_e 1 0
D (8143) nvs: nvs_set ap.pmf_r 1 0
D (8143) nvs: nvs_set ap.csa_count 1 3
D (8153) nvs: nvs_set ap.dtim_period 1 1
D (8153) nvs: nvs_set ap.bssmaxidle 2 0
D (8163) nvs: nvs_set ap.pro_keep_a 1 0
I (8163) phy_init: phy_version 4863,a3a4459,Oct 28 2025,14:30:06
D (8163) phy_init: loading PHY init data from application binary
D (8233) wifi:filter: set rx policy=0
I (8233) wifi:mode : softAP (34:5f:45:25:b4:61)
D (8233) wifi:filter: set rx policy=9
I (8233) wifi:Total power save buffer number: 8
I (8233) wifi:Init max length of beacon: 752/752
I (8233) wifi:Init max length of beacon: 752/752
D (8243) event: running post WIFI_EVENT:43 with handler 0x401ffa70 and context 0x3ffdfa54 on loop 0x3ffde948
D (8253) event: running post WIFI_EVENT:43 with handler 0x401de7fc and context 0x3ffee904 on loop 0x3ffde948
D (8263) event: running post WIFI_EVENT:12 with handler 0x401ffa70 and context 0x3ffdfa54 on loop 0x3ffde948
D (8273) event: running post WIFI_EVENT:12 with handler 0x40226d58 and context 0x3ffe1628 on loop 0x3ffde948
D (8283) wifi_init_default: wifi_start esp-netif:0x3ffdfdac event-id12
D (8283) wifi_init_default: WIFI mac address: 34 5f 45 25 b4 61
D (8293) esp_netif_lwip: check: remote, if=0x3ffdfdac fn=0x40223cb8
D (8293) esp_netif_lwip: call api in lwip: ret=0x0, give sem
I (8293) Network: Disabling wifi power save mode
D (8303) esp_netif_handlers: esp_netif action has started with netif0x3ffdfdac from event_id=12
D (8303) esp_netif_lwip: check: local, if=0x3ffde644 fn=0x40223ca4
I (8313) wifi:Set ps type: 0, coexist: 0

D (8313) esp_netif_lwip: check: remote, if=0x3ffdfdac fn=0x40224c38
D (8333) esp_netif_lwip: esp_netif_start_api 0x3ffdfdac
I (8333) esp-rest: Starting HTTP Server
D (8333) esp_netif_lwip: esp_netif_internal_dhcpc_cb lwip-netif:0x3ffdfe1c
D (8343) esp_netif_lwip: if0x3ffdfdac ip unchanged
D (8353) esp_netif_lwip: esp_netif_get_hostname esp_netif:0x3ffdfdac
D (8353) esp_netif_lwip: esp_netif_start_api Setting the lwip netif0x3ffdfe1c UP
I (8363) esp_netif_lwip: DHCP server started on interface WIFI_AP_DEF with IP: 192.168.4.1
D (8373) esp_netif_lwip: check: local, if=0x3ffdfdac fn=0x40225558
D (8373) esp_netif_lwip: esp_netif_update_default_netif_lwip 0x3ffdfdac
D (8383) esp_netif_lwip: call api in lwip: ret=0x0, give sem
D (8393) event: running post WIFI_EVENT:12 with handler 0x401de7fc and context 0x3ffee904 on loop 0x3ffde948
D (8403) httpd: httpd_thread: web server started
D (8403) httpd: httpd_server: doing select maxfd+1 = 56
D (8413) event: no handlers have been registered for event ESP_HTTP_SERVER_EVENT:1 posted to loop 0x3ffde948
D (8413) httpd_uri: httpd_register_uri_handler: [0] installed /api/v1/getPlugins
D (8423) httpd_uri: httpd_find_uri_handler: [0] = /api/v1/getPlugins
D (8433) httpd_uri: httpd_register_uri_handler: [0] exists /api/v1/getPlugins
D (8433) httpd_uri: httpd_register_uri_handler: [1] installed /api/v1/getActivePlugin*
D (8443) httpd_uri: httpd_find_uri_handler: [0] = /api/v1/getPlugins
D (8453) httpd_uri: httpd_find_uri_handler: [1] = /api/v1/getActivePlugin*
D (8463) httpd_uri: httpd_register_uri_handler: [0] exists /api/v1/getPlugins
D (8463) httpd_uri: httpd_register_uri_handler: [1] exists /api/v1/getActivePlugin*
D (8473) httpd_uri: httpd_register_uri_handler: [2] installed /api/v1/getPluginParams*
D (8483) httpd_uri: httpd_find_uri_handler: [0] = /api/v1/getPlugins
D (8483) httpd_uri: httpd_find_uri_handler: [1] = /api/v1/getActivePlugin*
D (8493) httpd_uri: httpd_find_uri_handler: [2] = /api/v1/getPluginParams*
D (8503) httpd_uri: httpd_register_uri_handler: [0] exists /api/v1/getPlugins
D (8503) httpd_uri: httpd_register_uri_handler: [1] exists /api/v1/getActivePlugin*
D (8513) httpd_uri: httpd_register_uri_handler: [2] exists /api/v1/getPluginParams*
D (8523) httpd_uri: httpd_register_uri_handler: [3] installed /api/v1/setActivePlugin*
D (8533) httpd_uri: httpd_find_uri_handler: [0] = /api/v1/getPlugins
D (8533) httpd_uri: httpd_find_uri_handler: [1] = /api/v1/getActivePlugin*
D (8543) httpd_uri: httpd_find_uri_handler: [2] = /api/v1/getPluginParams*
D (8543) httpd_uri: httpd_find_uri_handler: [3] = /api/v1/setActivePlugin*
D (8553) httpd_uri: httpd_register_uri_handler: [0] exists /api/v1/getPlugins
D (8563) httpd_uri: httpd_register_uri_handler: [1] exists /api/v1/getActivePlugin*
D (8573) httpd_uri: httpd_register_uri_handler: [2] exists /api/v1/getPluginParams*
D (8573) httpd_uri: httpd_register_uri_handler: [3] exists /api/v1/setActivePlugin*
D (8583) httpd_uri: httpd_register_uri_handler: [4] installed /api/v1/setPluginParam*
D (8593) httpd_uri: httpd_find_uri_handler: [0] = /api/v1/getPlugins
D (8593) httpd_uri: httpd_find_uri_handler: [1] = /api/v1/getActivePlugin*
D (8603) httpd_uri: httpd_find_uri_handler: [2] = /api/v1/getPluginParams*
D (8613) httpd_uri: httpd_find_uri_handler: [3] = /api/v1/setActivePlugin*
D (8613) httpd_uri: httpd_find_uri_handler: [4] = /api/v1/setPluginParam*
D (8623) httpd_uri: httpd_register_uri_handler: [0] exists /api/v1/getPlugins
D (8633) httpd_uri: httpd_register_uri_handler: [1] exists /api/v1/getActivePlugin*
D (8633) httpd_uri: httpd_register_uri_handler: [2] exists /api/v1/getPluginParams*
D (8643) httpd_uri: httpd_register_uri_handler: [3] exists /api/v1/setActivePlugin*
D (8653) httpd_uri: httpd_register_uri_handler: [4] exists /api/v1/setPluginParam*
D (8663) httpd_uri: httpd_register_uri_handler: [5] installed /api/v1/getPresets*
D (8663) httpd_uri: httpd_find_uri_handler: [0] = /api/v1/getPlugins
D (8673) httpd_uri: httpd_find_uri_handler: [1] = /api/v1/getActivePlugin*
D (8683) httpd_uri: httpd_find_uri_handler: [2] = /api/v1/getPluginParams*
D (8683) httpd_uri: httpd_find_uri_handler: [3] = /api/v1/setActivePlugin*
D (8693) httpd_uri: httpd_find_uri_handler: [4] = /api/v1/setPluginParam*
D (8703) httpd_uri: httpd_find_uri_handler: [5] = /api/v1/getPresets*
D (8703) httpd_uri: httpd_register_uri_handler: [0] exists /api/v1/getPlugins
D (8713) httpd_uri: httpd_register_uri_handler: [1] exists /api/v1/getActivePlugin*
D (8723) httpd_uri: httpd_register_uri_handler: [2] exists /api/v1/getPluginParams*
D (8723) httpd_uri: httpd_register_uri_handler: [3] exists /api/v1/setActivePlugin*
D (8733) httpd_uri: httpd_register_uri_handler: [4] exists /api/v1/setPluginParam*
D (8743) httpd_uri: httpd_register_uri_handler: [5] exists /api/v1/getPresets*
D (8753) httpd_uri: httpd_register_uri_handler: [6] installed /api/v1/getPresetData*
D (8753) httpd_uri: httpd_find_uri_handler: [0] = /api/v1/getPlugins
D (8763) httpd_uri: httpd_find_uri_handler: [1] = /api/v1/getActivePlugin*
D (8773) httpd_uri: httpd_find_uri_handler: [2] = /api/v1/getPluginParams*
D (8773) httpd_uri: httpd_find_uri_handler: [3] = /api/v1/setActivePlugin*
D (8783) httpd_uri: httpd_find_uri_handler: [4] = /api/v1/setPluginParam*
D (8793) httpd_uri: httpd_find_uri_handler: [5] = /api/v1/getPresets*
D (8793) httpd_uri: httpd_find_uri_handler: [6] = /api/v1/getPresetData*
D (8803) httpd_uri: httpd_register_uri_handler: [0] exists /api/v1/getPlugins
D (8803) httpd_uri: httpd_register_uri_handler: [1] exists /api/v1/getActivePlugin*
D (8813) httpd_uri: httpd_register_uri_handler: [2] exists /api/v1/getPluginParams*
D (8823) httpd_uri: httpd_register_uri_handler: [3] exists /api/v1/setActivePlugin*
D (8833) httpd_uri: httpd_register_uri_handler: [4] exists /api/v1/setPluginParam*
D (8833) httpd_uri: httpd_register_uri_handler: [5] exists /api/v1/getPresets*
D (8843) httpd_uri: httpd_register_uri_handler: [6] exists /api/v1/getPresetData*
D (8853) httpd_uri: httpd_register_uri_handler: [7] installed /api/v1/savePreset*
D (8863) httpd_uri: httpd_find_uri_handler: [0] = /api/v1/getPlugins
D (8863) httpd_uri: httpd_find_uri_handler: [1] = /api/v1/getActivePlugin*
D (8873) httpd_uri: httpd_find_uri_handler: [2] = /api/v1/getPluginParams*
D (8883) httpd_uri: httpd_find_uri_handler: [3] = /api/v1/setActivePlugin*
D (8883) httpd_uri: httpd_find_uri_handler: [4] = /api/v1/setPluginParam*
D (8893) httpd_uri: httpd_find_uri_handler: [5] = /api/v1/getPresets*
D (8893) httpd_uri: httpd_find_uri_handler: [6] = /api/v1/getPresetData*
D (8903) httpd_uri: httpd_find_uri_handler: [7] = /api/v1/savePreset*
D (8913) httpd_uri: httpd_register_uri_handler: [0] exists /api/v1/getPlugins
D (8913) httpd_uri: httpd_register_uri_handler: [1] exists /api/v1/getActivePlugin*
D (8923) httpd_uri: httpd_register_uri_handler: [2] exists /api/v1/getPluginParams*
D (8933) httpd_uri: httpd_register_uri_handler: [3] exists /api/v1/setActivePlugin*
D (8943) httpd_uri: httpd_register_uri_handler: [4] exists /api/v1/setPluginParam*
D (8943) httpd_uri: httpd_register_uri_handler: [5] exists /api/v1/getPresets*
D (8953) httpd_uri: httpd_register_uri_handler: [6] exists /api/v1/getPresetData*
D (8963) httpd_uri: httpd_register_uri_handler: [7] exists /api/v1/savePreset*
D (8963) httpd_uri: httpd_register_uri_handler: [8] installed /api/v1/loadPreset*
D (8973) httpd_uri: httpd_find_uri_handler: [0] = /api/v1/getPlugins
D (8983) httpd_uri: httpd_find_uri_handler: [1] = /api/v1/getActivePlugin*
D (8983) httpd_uri: httpd_find_uri_handler: [2] = /api/v1/getPluginParams*
D (8993) httpd_uri: httpd_find_uri_handler: [3] = /api/v1/setActivePlugin*
D (9003) httpd_uri: httpd_find_uri_handler: [4] = /api/v1/setPluginParam*
D (9003) httpd_uri: httpd_find_uri_handler: [5] = /api/v1/getPresets*
D (9013) httpd_uri: httpd_find_uri_handler: [6] = /api/v1/getPresetData*
D (9023) httpd_uri: httpd_find_uri_handler: [7] = /api/v1/savePreset*
D (9023) httpd_uri: httpd_find_uri_handler: [8] = /api/v1/loadPreset*
D (9033) httpd_uri: httpd_register_uri_handler: [0] exists /api/v1/getPlugins
D (9043) httpd_uri: httpd_register_uri_handler: [1] exists /api/v1/getActivePlugin*
D (9043) httpd_uri: httpd_register_uri_handler: [2] exists /api/v1/getPluginParams*
D (9053) httpd_uri: httpd_register_uri_handler: [3] exists /api/v1/setActivePlugin*
D (9063) httpd_uri: httpd_register_uri_handler: [4] exists /api/v1/setPluginParam*
D (9073) httpd_uri: httpd_register_uri_handler: [5] exists /api/v1/getPresets*
D (9073) httpd_uri: httpd_register_uri_handler: [6] exists /api/v1/getPresetData*
D (9083) httpd_uri: httpd_register_uri_handler: [7] exists /api/v1/savePreset*
D (9093) httpd_uri: httpd_register_uri_handler: [8] exists /api/v1/loadPreset*
D (9093) httpd_uri: httpd_register_uri_handler: [9] installed /api/v1/getConfiguration
D (9103) httpd_uri: httpd_find_uri_handler: [0] = /api/v1/getPlugins
D (9113) httpd_uri: httpd_find_uri_handler: [1] = /api/v1/getActivePlugin*
D (9113) httpd_uri: httpd_find_uri_handler: [2] = /api/v1/getPluginParams*
D (9123) httpd_uri: httpd_find_uri_handler: [3] = /api/v1/setActivePlugin*
D (9133) httpd_uri: httpd_find_uri_handler: [4] = /api/v1/setPluginParam*
D (9133) httpd_uri: httpd_find_uri_handler: [5] = /api/v1/getPresets*
D (9143) httpd_uri: httpd_find_uri_handler: [6] = /api/v1/getPresetData*
D (9153) httpd_uri: httpd_find_uri_handler: [7] = /api/v1/savePreset*
D (9153) httpd_uri: httpd_find_uri_handler: [8] = /api/v1/loadPreset*
D (9163) httpd_uri: httpd_find_uri_handler: [9] = /api/v1/getConfiguration
D (9163) httpd_uri: httpd_register_uri_handler: [0] exists /api/v1/getPlugins
D (9173) httpd_uri: httpd_register_uri_handler: [1] exists /api/v1/getActivePlugin*
D (9183) httpd_uri: httpd_register_uri_handler: [2] exists /api/v1/getPluginParams*
D (9193) httpd_uri: httpd_register_uri_handler: [3] exists /api/v1/setActivePlugin*
D (9193) httpd_uri: httpd_register_uri_handler: [4] exists /api/v1/setPluginParam*
D (9203) httpd_uri: httpd_register_uri_handler: [5] exists /api/v1/getPresets*
D (9213) httpd_uri: httpd_register_uri_handler: [6] exists /api/v1/getPresetData*
D (9223) httpd_uri: httpd_register_uri_handler: [7] exists /api/v1/savePreset*
D (9223) httpd_uri: httpd_register_uri_handler: [8] exists /api/v1/loadPreset*
D (9233) httpd_uri: httpd_register_uri_handler: [9] exists /api/v1/getConfiguration
D (9243) httpd_uri: httpd_register_uri_handler: [10] installed /api/v1/getCalibration
D (9243) httpd_uri: httpd_find_uri_handler: [0] = /api/v1/getPlugins
D (9253) httpd_uri: httpd_find_uri_handler: [1] = /api/v1/getActivePlugin*
D (9263) httpd_uri: httpd_find_uri_handler: [2] = /api/v1/getPluginParams*
D (9263) httpd_uri: httpd_find_uri_handler: [3] = /api/v1/setActivePlugin*
D (9273) httpd_uri: httpd_find_uri_handler: [4] = /api/v1/setPluginParam*
D (9283) httpd_uri: httpd_find_uri_handler: [5] = /api/v1/getPresets*
D (9283) httpd_uri: httpd_find_uri_handler: [6] = /api/v1/getPresetData*
D (9293) httpd_uri: httpd_find_uri_handler: [7] = /api/v1/savePreset*
D (9293) httpd_uri: httpd_find_uri_handler: [8] = /api/v1/loadPreset*
D (9303) httpd_uri: httpd_find_uri_handler: [9] = /api/v1/getConfiguration
D (9313) httpd_uri: httpd_find_uri_handler: [10] = /api/v1/getCalibration
D (9313) httpd_uri: httpd_register_uri_handler: [0] exists /api/v1/getPlugins
D (9323) httpd_uri: httpd_register_uri_handler: [1] exists /api/v1/getActivePlugin*
D (9333) httpd_uri: httpd_register_uri_handler: [2] exists /api/v1/getPluginParams*
D (9343) httpd_uri: httpd_register_uri_handler: [3] exists /api/v1/setActivePlugin*
D (9343) httpd_uri: httpd_register_uri_handler: [4] exists /api/v1/setPluginParam*
D (9353) httpd_uri: httpd_register_uri_handler: [5] exists /api/v1/getPresets*
D (9363) httpd_uri: httpd_register_uri_handler: [6] exists /api/v1/getPresetData*
D (9363) httpd_uri: httpd_register_uri_handler: [7] exists /api/v1/savePreset*
D (9373) httpd_uri: httpd_register_uri_handler: [8] exists /api/v1/loadPreset*
D (9383) httpd_uri: httpd_register_uri_handler: [9] exists /api/v1/getConfiguration
D (9393) httpd_uri: httpd_register_uri_handler: [10] exists /api/v1/getCalibration
D (9393) httpd_uri: httpd_register_uri_handler: [11] installed /api/v1/reboot
D (9403) httpd_uri: httpd_find_uri_handler: [0] = /api/v1/getPlugins
D (9413) httpd_uri: httpd_find_uri_handler: [1] = /api/v1/getActivePlugin*
D (9413) httpd_uri: httpd_find_uri_handler: [2] = /api/v1/getPluginParams*
D (9423) httpd_uri: httpd_find_uri_handler: [3] = /api/v1/setActivePlugin*
D (9433) httpd_uri: httpd_find_uri_handler: [4] = /api/v1/setPluginParam*
D (9433) httpd_uri: httpd_find_uri_handler: [5] = /api/v1/getPresets*
D (9443) httpd_uri: httpd_find_uri_handler: [6] = /api/v1/getPresetData*
D (9453) httpd_uri: httpd_find_uri_handler: [7] = /api/v1/savePreset*
D (9453) httpd_uri: httpd_find_uri_handler: [8] = /api/v1/loadPreset*
D (9463) httpd_uri: httpd_find_uri_handler: [9] = /api/v1/getConfiguration
D (9463) httpd_uri: httpd_find_uri_handler: [10] = /api/v1/getCalibration
D (9473) httpd_uri: httpd_find_uri_handler: [11] = /api/v1/reboot
D (9483) httpd_uri: httpd_register_uri_handler: [0] exists /api/v1/getPlugins
D (9483) httpd_uri: httpd_register_uri_handler: [1] exists /api/v1/getActivePlugin*
D (9493) httpd_uri: httpd_register_uri_handler: [2] exists /api/v1/getPluginParams*
D (9503) httpd_uri: httpd_register_uri_handler: [3] exists /api/v1/setActivePlugin*
D (9513) httpd_uri: httpd_register_uri_handler: [4] exists /api/v1/setPluginParam*
D (9513) httpd_uri: httpd_register_uri_handler: [5] exists /api/v1/getPresets*
D (9523) httpd_uri: httpd_register_uri_handler: [6] exists /api/v1/getPresetData*
D (9533) httpd_uri: httpd_register_uri_handler: [7] exists /api/v1/savePreset*
D (9533) httpd_uri: httpd_register_uri_handler: [8] exists /api/v1/loadPreset*
D (9543) httpd_uri: httpd_register_uri_handler: [9] exists /api/v1/getConfiguration
D (9553) httpd_uri: httpd_register_uri_handler: [10] exists /api/v1/getCalibration
D (9563) httpd_uri: httpd_register_uri_handler: [11] exists /api/v1/reboot
D (9563) httpd_uri: httpd_register_uri_handler: [12] installed /api/v1/getIOCaps
D (9573) httpd_uri: httpd_find_uri_handler: [0] = /api/v1/getPlugins
D (9583) httpd_uri: httpd_find_uri_handler: [1] = /api/v1/getActivePlugin*
D (9583) httpd_uri: httpd_find_uri_handler: [2] = /api/v1/getPluginParams*
D (9593) httpd_uri: httpd_find_uri_handler: [3] = /api/v1/setActivePlugin*
D (9593) httpd_uri: httpd_find_uri_handler: [4] = /api/v1/setPluginParam*
D (9603) httpd_uri: httpd_find_uri_handler: [5] = /api/v1/getPresets*
D (9613) httpd_uri: httpd_find_uri_handler: [6] = /api/v1/getPresetData*
D (9613) httpd_uri: httpd_find_uri_handler: [7] = /api/v1/savePreset*
D (9623) httpd_uri: httpd_find_uri_handler: [8] = /api/v1/loadPreset*
D (9633) httpd_uri: httpd_find_uri_handler: [9] = /api/v1/getConfiguration
D (9633) httpd_uri: httpd_find_uri_handler: [10] = /api/v1/getCalibration
D (9643) httpd_uri: httpd_find_uri_handler: [11] = /api/v1/reboot
D (9653) httpd_uri: httpd_find_uri_handler: [12] = /api/v1/getIOCaps
D (9653) httpd_uri: httpd_register_uri_handler: [0] exists /api/v1/getPlugins
D (9663) httpd_uri: httpd_register_uri_handler: [1] exists /api/v1/getActivePlugin*
D (9673) httpd_uri: httpd_register_uri_handler: [2] exists /api/v1/getPluginParams*
D (9673) httpd_uri: httpd_register_uri_handler: [3] exists /api/v1/setActivePlugin*
D (9683) httpd_uri: httpd_register_uri_handler: [4] exists /api/v1/setPluginParam*
D (9693) httpd_uri: httpd_register_uri_handler: [5] exists /api/v1/getPresets*
D (9693) httpd_uri: httpd_register_uri_handler: [6] exists /api/v1/getPresetData*
D (9703) httpd_uri: httpd_register_uri_handler: [7] exists /api/v1/savePreset*
D (9713) httpd_uri: httpd_register_uri_handler: [8] exists /api/v1/loadPreset*
D (9723) httpd_uri: httpd_register_uri_handler: [9] exists /api/v1/getConfiguration
D (9723) httpd_uri: httpd_register_uri_handler: [10] exists /api/v1/getCalibration
D (9733) httpd_uri: httpd_register_uri_handler: [11] exists /api/v1/reboot
D (9743) httpd_uri: httpd_register_uri_handler: [12] exists /api/v1/getIOCaps
D (9743) httpd_uri: httpd_register_uri_handler: [13] installed /api/v1/setConfiguration
D (9753) httpd_uri: httpd_find_uri_handler: [0] = /api/v1/getPlugins
D (9763) httpd_uri: httpd_find_uri_handler: [1] = /api/v1/getActivePlugin*
D (9763) httpd_uri: httpd_find_uri_handler: [2] = /api/v1/getPluginParams*
D (9773) httpd_uri: httpd_find_uri_handler: [3] = /api/v1/setActivePlugin*
D (9783) httpd_uri: httpd_find_uri_handler: [4] = /api/v1/setPluginParam*
D (9783) httpd_uri: httpd_find_uri_handler: [5] = /api/v1/getPresets*
D (9793) httpd_uri: httpd_find_uri_handler: [6] = /api/v1/getPresetData*
D (9803) httpd_uri: httpd_find_uri_handler: [7] = /api/v1/savePreset*
D (9803) httpd_uri: httpd_find_uri_handler: [8] = /api/v1/loadPreset*
D (9813) httpd_uri: httpd_find_uri_handler: [9] = /api/v1/getConfiguration
D (9823) httpd_uri: httpd_find_uri_handler: [10] = /api/v1/getCalibration
D (9823) httpd_uri: httpd_find_uri_handler: [11] = /api/v1/reboot
D (9833) httpd_uri: httpd_find_uri_handler: [12] = /api/v1/getIOCaps
D (9833) httpd_uri: httpd_find_uri_handler: [13] = /api/v1/setConfiguration
D (9843) httpd_uri: httpd_register_uri_handler: [0] exists /api/v1/getPlugins
D (9853) httpd_uri: httpd_register_uri_handler: [1] exists /api/v1/getActivePlugin*
D (9853) httpd_uri: httpd_register_uri_handler: [2] exists /api/v1/getPluginParams*
D (9863) httpd_uri: httpd_register_uri_handler: [3] exists /api/v1/setActivePlugin*
D (9873) httpd_uri: httpd_register_uri_handler: [4] exists /api/v1/setPluginParam*
D (9883) httpd_uri: httpd_register_uri_handler: [5] exists /api/v1/getPresets*
D (9883) httpd_uri: httpd_register_uri_handler: [6] exists /api/v1/getPresetData*
D (9893) httpd_uri: httpd_register_uri_handler: [7] exists /api/v1/savePreset*
D (9903) httpd_uri: httpd_register_uri_handler: [8] exists /api/v1/loadPreset*
D (9903) httpd_uri: httpd_register_uri_handler: [9] exists /api/v1/getConfiguration
D (9913) httpd_uri: httpd_register_uri_handler: [10] exists /api/v1/getCalibration
D (9923) httpd_uri: httpd_register_uri_handler: [11] exists /api/v1/reboot
D (9933) httpd_uri: httpd_register_uri_handler: [12] exists /api/v1/getIOCaps
D (9933) httpd_uri: httpd_register_uri_handler: [13] exists /api/v1/setConfiguration
D (9943) httpd_uri: httpd_register_uri_handler: [14] installed /api/v1/setCalibration*
D (9953) httpd_uri: httpd_find_uri_handler: [0] = /api/v1/getPlugins
D (9953) httpd_uri: httpd_find_uri_handler: [1] = /api/v1/getActivePlugin*
D (9963) httpd_uri: httpd_find_uri_handler: [2] = /api/v1/getPluginParams*
D (9973) httpd_uri: httpd_find_uri_handler: [3] = /api/v1/setActivePlugin*
D (9973) httpd_uri: httpd_find_uri_handler: [4] = /api/v1/setPluginParam*
D (9983) httpd_uri: httpd_find_uri_handler: [5] = /api/v1/getPresets*
D (9993) httpd_uri: httpd_find_uri_handler: [6] = /api/v1/getPresetData*
D (9993) httpd_uri: httpd_find_uri_handler: [7] = /api/v1/savePreset*
D (10003) httpd_uri: httpd_find_uri_handler: [8] = /api/v1/loadPreset*
D (10013) httpd_uri: httpd_find_uri_handler: [9] = /api/v1/getConfiguration
D (10013) httpd_uri: httpd_find_uri_handler: [10] = /api/v1/getCalibration
D (10023) httpd_uri: httpd_find_uri_handler: [11] = /api/v1/reboot
D (10023) httpd_uri: httpd_find_uri_handler: [12] = /api/v1/getIOCaps
D (10033) httpd_uri: httpd_find_uri_handler: [13] = /api/v1/setConfiguration
D (10043) httpd_uri: httpd_find_uri_handler: [14] = /api/v1/setCalibration*
D (10043) httpd_uri: httpd_register_uri_handler: [0] exists /api/v1/getPlugins
D (10053) httpd_uri: httpd_register_uri_handler: [1] exists /api/v1/getActivePlugin*
D (10063) httpd_uri: httpd_register_uri_handler: [2] exists /api/v1/getPluginParams*
D (10073) httpd_uri: httpd_register_uri_handler: [3] exists /api/v1/setActivePlugin*
D (10073) httpd_uri: httpd_register_uri_handler: [4] exists /api/v1/setPluginParam*
D (10083) httpd_uri: httpd_register_uri_handler: [5] exists /api/v1/getPresets*
D (10093) httpd_uri: httpd_register_uri_handler: [6] exists /api/v1/getPresetData*
D (10103) httpd_uri: httpd_register_uri_handler: [7] exists /api/v1/savePreset*
D (10103) httpd_uri: httpd_register_uri_handler: [8] exists /api/v1/loadPreset*
D (10113) httpd_uri: httpd_register_uri_handler: [9] exists /api/v1/getConfiguration
D (10123) httpd_uri: httpd_register_uri_handler: [10] exists /api/v1/getCalibration
D (10123) httpd_uri: httpd_register_uri_handler: [11] exists /api/v1/reboot
D (10133) httpd_uri: httpd_register_uri_handler: [12] exists /api/v1/getIOCaps
D (10143) httpd_uri: httpd_register_uri_handler: [13] exists /api/v1/setConfiguration
D (10153) httpd_uri: httpd_register_uri_handler: [14] exists /api/v1/setCalibration*
D (10153) httpd_uri: httpd_register_uri_handler: [15] installed /api/v1/setPresetData*
D (10163) httpd_uri: httpd_find_uri_handler: [0] = /api/v1/getPlugins
D (10173) httpd_uri: httpd_find_uri_handler: [1] = /api/v1/getActivePlugin*
D (10173) httpd_uri: httpd_find_uri_handler: [2] = /api/v1/getPluginParams*
D (10183) httpd_uri: httpd_find_uri_handler: [3] = /api/v1/setActivePlugin*
D (10193) httpd_uri: httpd_find_uri_handler: [4] = /api/v1/setPluginParam*
D (10193) httpd_uri: httpd_find_uri_handler: [5] = /api/v1/getPresets*
D (10203) httpd_uri: httpd_find_uri_handler: [6] = /api/v1/getPresetData*
D (10213) httpd_uri: httpd_find_uri_handler: [7] = /api/v1/savePreset*
D (10213) httpd_uri: httpd_find_uri_handler: [8] = /api/v1/loadPreset*
D (10223) httpd_uri: httpd_find_uri_handler: [9] = /api/v1/getConfiguration
D (10233) httpd_uri: httpd_find_uri_handler: [10] = /api/v1/getCalibration
D (10233) httpd_uri: httpd_find_uri_handler: [11] = /api/v1/reboot
D (10243) httpd_uri: httpd_find_uri_handler: [12] = /api/v1/getIOCaps
D (10243) httpd_uri: httpd_find_uri_handler: [13] = /api/v1/setConfiguration
D (10253) httpd_uri: httpd_find_uri_handler: [14] = /api/v1/setCalibration*
D (10263) httpd_uri: httpd_find_uri_handler: [15] = /api/v1/setPresetData*
D (10263) httpd_uri: httpd_register_uri_handler: [0] exists /api/v1/getPlugins
D (10273) httpd_uri: httpd_register_uri_handler: [1] exists /api/v1/getActivePlugin*
D (10283) httpd_uri: httpd_register_uri_handler: [2] exists /api/v1/getPluginParams*
D (10293) httpd_uri: httpd_register_uri_handler: [3] exists /api/v1/setActivePlugin*
D (10293) httpd_uri: httpd_register_uri_handler: [4] exists /api/v1/setPluginParam*
D (10303) httpd_uri: httpd_register_uri_handler: [5] exists /api/v1/getPresets*
D (10313) httpd_uri: httpd_register_uri_handler: [6] exists /api/v1/getPresetData*
D (10313) httpd_uri: httpd_register_uri_handler: [7] exists /api/v1/savePreset*
D (10323) httpd_uri: httpd_register_uri_handler: [8] exists /api/v1/loadPreset*
D (10333) httpd_uri: httpd_register_uri_handler: [9] exists /api/v1/getConfiguration
D (10343) httpd_uri: httpd_register_uri_handler: [10] exists /api/v1/getCalibration
D (10343) httpd_uri: httpd_register_uri_handler: [11] exists /api/v1/reboot
D (10353) httpd_uri: httpd_register_uri_handler: [12] exists /api/v1/getIOCaps
D (10363) httpd_uri: httpd_register_uri_handler: [13] exists /api/v1/setConfiguration
D (10373) httpd_uri: httpd_register_uri_handler: [14] exists /api/v1/setCalibration*
D (10373) httpd_uri: httpd_register_uri_handler: [15] exists /api/v1/setPresetData*
D (10383) httpd_uri: httpd_register_uri_handler: [16] installed /api/v1/otaAPI*
D (10393) httpd_uri: httpd_find_uri_handler: [0] = /api/v1/getPlugins
D (10393) httpd_uri: httpd_find_uri_handler: [1] = /api/v1/getActivePlugin*
D (10403) httpd_uri: httpd_find_uri_handler: [2] = /api/v1/getPluginParams*
D (10413) httpd_uri: httpd_find_uri_handler: [3] = /api/v1/setActivePlugin*
D (10413) httpd_uri: httpd_find_uri_handler: [4] = /api/v1/setPluginParam*
D (10423) httpd_uri: httpd_find_uri_handler: [5] = /api/v1/getPresets*
D (10433) httpd_uri: httpd_find_uri_handler: [6] = /api/v1/getPresetData*
D (10433) httpd_uri: httpd_find_uri_handler: [7] = /api/v1/savePreset*
D (10443) httpd_uri: httpd_find_uri_handler: [8] = /api/v1/loadPreset*
D (10443) httpd_uri: httpd_find_uri_handler: [9] = /api/v1/getConfiguration
D (10453) httpd_uri: httpd_find_uri_handler: [10] = /api/v1/getCalibration
D (10463) httpd_uri: httpd_find_uri_handler: [11] = /api/v1/reboot
D (10463) httpd_uri: httpd_find_uri_handler: [12] = /api/v1/getIOCaps
D (10473) httpd_uri: httpd_find_uri_handler: [13] = /api/v1/setConfiguration
D (10483) httpd_uri: httpd_find_uri_handler: [14] = /api/v1/setCalibration*
D (10483) httpd_uri: httpd_find_uri_handler: [15] = /api/v1/setPresetData*
D (10493) httpd_uri: httpd_find_uri_handler: [16] = /api/v1/otaAPI*
D (10503) httpd_uri: httpd_register_uri_handler: [0] exists /api/v1/getPlugins
D (10503) httpd_uri: httpd_register_uri_handler: [1] exists /api/v1/getActivePlugin*
D (10513) httpd_uri: httpd_register_uri_handler: [2] exists /api/v1/getPluginParams*
D (10523) httpd_uri: httpd_register_uri_handler: [3] exists /api/v1/setActivePlugin*
D (10533) httpd_uri: httpd_register_uri_handler: [4] exists /api/v1/setPluginParam*
D (10533) httpd_uri: httpd_register_uri_handler: [5] exists /api/v1/getPresets*
D (10543) httpd_uri: httpd_register_uri_handler: [6] exists /api/v1/getPresetData*
D (10553) httpd_uri: httpd_register_uri_handler: [7] exists /api/v1/savePreset*
D (10553) httpd_uri: httpd_register_uri_handler: [8] exists /api/v1/loadPreset*
D (10563) httpd_uri: httpd_register_uri_handler: [9] exists /api/v1/getConfiguration
D (10573) httpd_uri: httpd_register_uri_handler: [10] exists /api/v1/getCalibration
D (10583) httpd_uri: httpd_register_uri_handler: [11] exists /api/v1/reboot
D (10583) httpd_uri: httpd_register_uri_handler: [12] exists /api/v1/getIOCaps
D (10593) httpd_uri: httpd_register_uri_handler: [13] exists /api/v1/setConfiguration
D (10603) httpd_uri: httpd_register_uri_handler: [14] exists /api/v1/setCalibration*
D (10603) httpd_uri: httpd_register_uri_handler: [15] exists /api/v1/setPresetData*
D (10613) httpd_uri: httpd_register_uri_handler: [16] exists /api/v1/otaAPI*
D (10623) httpd_uri: httpd_register_uri_handler: [17] installed /api/v1/favorite*
D (10633) httpd_uri: httpd_find_uri_handler: [0] = /api/v1/getPlugins
D (10633) httpd_uri: httpd_find_uri_handler: [1] = /api/v1/getActivePlugin*
D (10643) httpd_uri: httpd_find_uri_handler: [2] = /api/v1/getPluginParams*
D (10653) httpd_uri: httpd_find_uri_handler: [3] = /api/v1/setActivePlugin*
D (10653) httpd_uri: httpd_find_uri_handler: [4] = /api/v1/setPluginParam*
D (10663) httpd_uri: httpd_find_uri_handler: [5] = /api/v1/getPresets*
D (10673) httpd_uri: httpd_find_uri_handler: [6] = /api/v1/getPresetData*
D (10673) httpd_uri: httpd_find_uri_handler: [7] = /api/v1/savePreset*
D (10683) httpd_uri: httpd_find_uri_handler: [8] = /api/v1/loadPreset*
D (10683) httpd_uri: httpd_find_uri_handler: [9] = /api/v1/getConfiguration
D (10693) httpd_uri: httpd_find_uri_handler: [10] = /api/v1/getCalibration
D (10703) httpd_uri: httpd_find_uri_handler: [11] = /api/v1/reboot
D (10703) httpd_uri: httpd_find_uri_handler: [12] = /api/v1/getIOCaps
D (10713) httpd_uri: httpd_find_uri_handler: [13] = /api/v1/setConfiguration
D (10723) httpd_uri: httpd_find_uri_handler: [14] = /api/v1/setCalibration*
D (10723) httpd_uri: httpd_find_uri_handler: [15] = /api/v1/setPresetData*
D (10733) httpd_uri: httpd_find_uri_handler: [16] = /api/v1/otaAPI*
D (10743) httpd_uri: httpd_find_uri_handler: [17] = /api/v1/favorite*
D (10743) httpd_uri: httpd_register_uri_handler: [0] exists /api/v1/getPlugins
D (10753) httpd_uri: httpd_register_uri_handler: [1] exists /api/v1/getActivePlugin*
D (10763) httpd_uri: httpd_register_uri_handler: [2] exists /api/v1/getPluginParams*
D (10763) httpd_uri: httpd_register_uri_handler: [3] exists /api/v1/setActivePlugin*
D (10773) httpd_uri: httpd_register_uri_handler: [4] exists /api/v1/setPluginParam*
D (10783) httpd_uri: httpd_register_uri_handler: [5] exists /api/v1/getPresets*
D (10793) httpd_uri: httpd_register_uri_handler: [6] exists /api/v1/getPresetData*
D (10793) httpd_uri: httpd_register_uri_handler: [7] exists /api/v1/savePreset*
D (10803) httpd_uri: httpd_register_uri_handler: [8] exists /api/v1/loadPreset*
D (10813) httpd_uri: httpd_register_uri_handler: [9] exists /api/v1/getConfiguration
D (10813) httpd_uri: httpd_register_uri_handler: [10] exists /api/v1/getCalibration
D (10823) httpd_uri: httpd_register_uri_handler: [11] exists /api/v1/reboot
D (10833) httpd_uri: httpd_register_uri_handler: [12] exists /api/v1/getIOCaps
D (10843) httpd_uri: httpd_register_uri_handler: [13] exists /api/v1/setConfiguration
D (10843) httpd_uri: httpd_register_uri_handler: [14] exists /api/v1/setCalibration*
D (10853) httpd_uri: httpd_register_uri_handler: [15] exists /api/v1/setPresetData*
D (10863) httpd_uri: httpd_register_uri_handler: [16] exists /api/v1/otaAPI*
D (10863) httpd_uri: httpd_register_uri_handler: [17] exists /api/v1/favorite*
D (10873) httpd_uri: httpd_register_uri_handler: [18] installed /api/v1/srom*
D (10883) httpd_uri: httpd_find_uri_handler: [0] = /api/v1/getPlugins
D (10883) httpd_uri: httpd_find_uri_handler: [1] = /api/v1/getActivePlugin*
D (10893) httpd_uri: httpd_find_uri_handler: [2] = /api/v1/getPluginParams*
D (10903) httpd_uri: httpd_find_uri_handler: [3] = /api/v1/setActivePlugin*
D (10903) httpd_uri: httpd_find_uri_handler: [4] = /api/v1/setPluginParam*
D (10913) httpd_uri: httpd_find_uri_handler: [5] = /api/v1/getPresets*
D (10923) httpd_uri: httpd_find_uri_handler: [6] = /api/v1/getPresetData*
D (10923) httpd_uri: httpd_find_uri_handler: [7] = /api/v1/savePreset*
D (10933) httpd_uri: httpd_find_uri_handler: [8] = /api/v1/loadPreset*
D (10943) httpd_uri: httpd_find_uri_handler: [9] = /api/v1/getConfiguration
D (10943) httpd_uri: httpd_find_uri_handler: [10] = /api/v1/getCalibration
D (10953) httpd_uri: httpd_find_uri_handler: [11] = /api/v1/reboot
D (10963) httpd_uri: httpd_find_uri_handler: [12] = /api/v1/getIOCaps
D (10963) httpd_uri: httpd_find_uri_handler: [13] = /api/v1/setConfiguration
D (10973) httpd_uri: httpd_find_uri_handler: [14] = /api/v1/setCalibration*
D (10983) httpd_uri: httpd_find_uri_handler: [15] = /api/v1/setPresetData*
D (10983) httpd_uri: httpd_find_uri_handler: [16] = /api/v1/otaAPI*
D (10993) httpd_uri: httpd_find_uri_handler: [17] = /api/v1/favorite*
D (10993) httpd_uri: httpd_find_uri_handler: [18] = /api/v1/srom*
D (11003) httpd_uri: httpd_register_uri_handler: [0] exists /api/v1/getPlugins
D (11013) httpd_uri: httpd_register_uri_handler: [1] exists /api/v1/getActivePlugin*
D (11013) httpd_uri: httpd_register_uri_handler: [2] exists /api/v1/getPluginParams*
D (11023) httpd_uri: httpd_register_uri_handler: [3] exists /api/v1/setActivePlugin*
D (11033) httpd_uri: httpd_register_uri_handler: [4] exists /api/v1/setPluginParam*
D (11043) httpd_uri: httpd_register_uri_handler: [5] exists /api/v1/getPresets*
D (11043) httpd_uri: httpd_register_uri_handler: [6] exists /api/v1/getPresetData*
D (11053) httpd_uri: httpd_register_uri_handler: [7] exists /api/v1/savePreset*
D (11063) httpd_uri: httpd_register_uri_handler: [8] exists /api/v1/loadPreset*
D (11073) httpd_uri: httpd_register_uri_handler: [9] exists /api/v1/getConfiguration
D (11073) httpd_uri: httpd_register_uri_handler: [10] exists /api/v1/getCalibration
D (11083) httpd_uri: httpd_register_uri_handler: [11] exists /api/v1/reboot
D (11093) httpd_uri: httpd_register_uri_handler: [12] exists /api/v1/getIOCaps
D (11093) httpd_uri: httpd_register_uri_handler: [13] exists /api/v1/setConfiguration
D (11103) httpd_uri: httpd_register_uri_handler: [14] exists /api/v1/setCalibration*
D (11113) httpd_uri: httpd_register_uri_handler: [15] exists /api/v1/setPresetData*
D (11123) httpd_uri: httpd_register_uri_handler: [16] exists /api/v1/otaAPI*
D (11123) httpd_uri: httpd_register_uri_handler: [17] exists /api/v1/favorite*
D (11133) httpd_uri: httpd_register_uri_handler: [18] exists /api/v1/srom*
D (11143) httpd_uri: httpd_register_uri_handler: [19] installed /*
I (11143) esp-rest: Starting HTTP Server
E (11153) httpd: httpd_server_init: error in listen (112)
I (11153) SPManager: Switching ch0 to plugin GDVerb
I (11163) ctagSPAllocator: SetAllocationType: Stereo
I (11163) ctagSPAllocator: Allocate: allocating STEREO 1180 bytes object size, 113508 bytes blockMem
D (11173) ctagSPAllocator: GetRemainingBuffer: CH0 or STEREO 113508 bytes free
D (11183) JSON: read buffer
D (11213) JSON: read buffer
D (11233) Model: Loading patch number 0
D (11233) JSON: read buffer
D (11253) Model: Preset Name is Default number 0
D (11513) JSON: read buffer
D (11523) Model: Preset Name is Default number 0
D (11613) fv3: Trying Blockmemalloc
D (11613) fv3: Trying Blockmemalloc
D (11613) fv3: Trying Blockmemalloc
D (11613) fv3: Trying Blockmemalloc
D (11613) fv3: Trying Blockmemalloc
D (11623) fv3: Trying Blockmemalloc
D (11623) fv3: Trying Blockmemalloc
D (11623) fv3: Trying Blockmemalloc
D (11633) fv3: Trying Blockmemalloc
D (11633) fv3: Trying Blockmemalloc
D (11633) fv3: Trying Blockmemalloc
D (11643) fv3: Falling back to regular malloc prefer internal, then SPIRAM
D (11643) fv3: Trying Blockmemalloc
D (11653) fv3: Trying Blockmemalloc
D (11653) fv3: Freeing Blockmem
D (11653) fv3: Trying Blockmemalloc
D (11663) fv3: Freeing Blockmem
D (11663) fv3: Trying Blockmemalloc
D (11663) fv3: Freeing Blockmem
D (11663) fv3: Trying Blockmemalloc
D (11673) fv3: Freeing Blockmem
D (11673) fv3: Trying Blockmemalloc
D (11673) fv3: Falling back to regular malloc prefer internal, then SPIRAM
D (11683) fv3: Freeing Blockmem
D (11683) fv3: Trying Blockmemalloc
D (11693) fv3: Falling back to regular malloc prefer internal, then SPIRAM
D (11693) fv3: Freeing Blockmem
D (11703) fv3: Trying Blockmemalloc
D (11703) fv3: Freeing Blockmem
D (11703) fv3: Trying Blockmemalloc
D (11703) fv3: Freeing Blockmem
D (11713) fv3: Trying Blockmemalloc
D (11713) fv3: Freeing Blockmem
D (11713) fv3: Trying Blockmemalloc
D (11723) fv3: Freeing Blockmem
D (11723) fv3: Trying Blockmemalloc
D (11723) fv3: Freeing regular malloc
D (11733) fv3: Trying Blockmemalloc
D (11733) fv3: Falling back to regular malloc prefer internal, then SPIRAM
D (11743) fv3: Freeing Blockmem
D (11953) JSON: read buffer
D (11973) Model: Preset Name is Default number 0
I (12063) SPManager: Mem freesize internal 23424, largest block 18432, free SPIRAM 3758564, largest block SPIRAM 3735552!
I (12063) SPManager: Init: Mem freesize internal 23424, largest block 18432, free SPIRAM 3758564, largest block SPIRAM 3735552!
D (12083) intr_alloc: Connected src 22 to int 9 (cpu 0)
I (12083) main_task: Returned from app_main()
